Vercel CLI 59.16.0 (Node.js 24.18.0)
Deploying youtube-intelligence
Uploading [--------------------] (0.0B/380.6KB)
Uploading [=====---------------] (102.6KB/380.6KB)
Uploading [==========----------] (196.3KB/380.6KB)
Uploading [===============-----] (292.3KB/380.6KB)
Uploading [====================] (380.6KB/380.6KB)
  Inspect         https://vercel.com/joshu-ai/youtube-intelligence/p5H2uZC6A97MK2ojQUppvgJSuauQ
  Production      https://youtube-intelligence-5kqidg57l-joshu-ai.vercel.app
Building…
Building…
Running build in Cleveland, USA (East) – cle1
Build machine configuration: 4 cores, 8 GB
Retrieving list of deployment files...
Downloading 203 deployment files...
Restored build cache from previous deployment (GWF4Z1uzWuzEmaHC3CYRbAkfYHnP)
Running "vercel build"
Vercel CLI 59.16.0
Running "install" command: `npm ci --ignore-scripts`...
npm warn deprecated node-domexception@1.0.0: Use your platform's native DOMException instead
added 88 packages, and audited 89 packages in 14s
13 packages are looking for funding
run `npm fund` for details
found 0 vulnerabilities
Detected Next.js version: 16.3.4
Running "npm run build"
> youtube-intelligence@0.1.0 build
> next build
▲ Next.js 16.3.4 (Turbopack)
Applying modifyConfig from Vercel
✓ Running next.config took 85ms
Creating an optimized production build ...
✓ Compiled successfully in 5.6s
Running TypeScript ...
Finished TypeScript in 6.0s ...
Collecting page data using 3 workers ...
Generating static pages using 3 workers (0/7) ...
Generating static pages using 3 workers (1/7)
Generating static pages using 3 workers (3/7)
Generating static pages using 3 workers (5/7)
✓ Generating static pages using 3 workers (7/7) in 325ms
Finalizing page optimization ...
Running onBuildComplete from Vercel
Route (app)
┌ ○ /
├ ○ /_not-found
├ ○ /access
├ ƒ /api/access
├ ƒ /api/cron/intelligence
├ ƒ /api/email/webhook
├ ƒ /api/intelligence/research
├ ƒ /api/intelligence/runs
├ ƒ /api/intelligence/runs/[id]
├ ƒ /api/intelligence/status
├ ○ /icon.svg
├ ○ /research
└ ƒ /share/[token]
ƒ Proxy (Middleware)
○  (Static)   prerendered as static content
ƒ  (Dynamic)  server-rendered on demand
Build Completed in /vercel/output [30s]
Deploying outputs...
[2K[1A[2K[G  Production      https://youtube-intelligence-5kqidg57l-joshu-ai.vercel.app
Completing…
▲ Aliased         https://youtube-intelligence-two.vercel.app
{
  "status": "ok",
  "deployment": {
    "id": "dpl_p5H2uZC6A97MK2ojQUppvgJSuauQ",
    "url": "https://youtube-intelligence-5kqidg57l-joshu-ai.vercel.app",
    "inspectorUrl": "https://vercel.com/joshu-ai/youtube-intelligence/p5H2uZC6A97MK2ojQUppvgJSuauQ",
    "readyState": "READY",
    "target": "production",
    "deploymentApiUrl": "https://api.vercel.com/v13/deployments/dpl_p5H2uZC6A97MK2ojQUppvgJSuauQ"
  },
  "message": "Deployment youtube-intelligence-5kqidg57l-joshu-ai.vercel.app ready.",
  "next": [
    {
      "command": "vercel curl https://youtube-intelligence-5kqidg57l-joshu-ai.vercel.app",
      "when": "Verify deployment, including when Deployment Protection is enabled"
    },
    {
      "command": "vercel inspect youtube-intelligence-5kqidg57l-joshu-ai.vercel.app",
      "when": "Inspect deployment"
    },
    {
      "command": "vercel deploy --prod",
      "when": "Promote to production"
    }
  ]
}
