
> youtube-intelligence@0.1.0 build
> next build

▲ Next.js 16.3.4 (Turbopack)
- Environments: .env.local, .env
✓ Running next.config took 3ms

  Creating an optimized production build ...
✓ Compiled successfully in 757ms
  Running TypeScript ...
  Finished TypeScript in 925ms ...
  Collecting page data using 9 workers ...
  Generating static pages using 9 workers (0/7) ...
  Generating static pages using 9 workers (1/7) 
  Generating static pages using 9 workers (3/7) 
  Generating static pages using 9 workers (5/7) 
✓ Generating static pages using 9 workers (7/7) in 88ms
  Finalizing page optimization ...

Route (app)
┌ ○ /
├ ○ /_not-found
├ ○ /access
├ ƒ /api/access
├ ƒ /api/cron/intelligence
├ ƒ /api/email/webhook
├ ƒ /api/intelligence/research
├ ƒ /api/intelligence/runs
├ ƒ /api/intelligence/runs/[id]
├ ƒ /api/intelligence/status
├ ○ /icon.svg
├ ○ /research
└ ƒ /share/[token]


ƒ Proxy (Middleware)

○  (Static)   prerendered as static content
ƒ  (Dynamic)  server-rendered on demand

